---
source: duper/src/serde/mod.rs
expression: serialized
---
()
