---
source: duper/src/serde/meta.rs
expression: serialized
---
DuperValue({
  identifier: null,
  inner: {},
  type: "object",
})
