// Vitest Snapshot v1, https://vitest.dev/guide/snapshot.html

exports[`stringify > stringifies a basic object 1`] = `"{name: "Wireless Headphones", price: 129.99, in_stock: true, tags: ["electronics", "audio"]}"`;

exports[`stringify > stringifies nested structures 1`] = `"["foo", {bar: ["baz", {qux: null}]}]"`;
