---
source: duper/src/pretty_printer.rs
expression: pp
---
[
  b"foobar",
  null,
  false,
]
