---
source: duper/src/pretty_printer.rs
expression: pp
---
[
  [
    [
      "So many arrays!",
    ],
  ],
  r#""Hello world!""#,
]
